
> Task :compileJava
/Users/suhwonji/Desktop/SideProject/popcorn/backend/src/main/java/com/popcorn/demo/global/config/SecurityConfig.java:49: warning: [removal] csrf() in HttpSecurity has been deprecated and marked for removal
		http.csrf().disable()
		    ^
/Users/suhwonji/Desktop/SideProject/popcorn/backend/src/main/java/com/popcorn/demo/global/config/SecurityConfig.java:50: warning: [removal] authorizeHttpRequests() in HttpSecurity has been deprecated and marked for removal
			    .authorizeHttpRequests()
			    ^
/Users/suhwonji/Desktop/SideProject/popcorn/backend/src/main/java/com/popcorn/demo/global/config/SecurityConfig.java:94: warning: [removal] and() in AuthorizeHttpRequestsConfigurer.AuthorizationManagerRequestMatcherRegistry has been deprecated and marked for removal
				.and()
				^
  where H is a type-variable:
    H extends HttpSecurityBuilder<H> declared in class AuthorizeHttpRequestsConfigurer
/Users/suhwonji/Desktop/SideProject/popcorn/backend/src/main/java/com/popcorn/demo/global/config/SecurityConfig.java:95: warning: [removal] formLogin() in HttpSecurity has been deprecated and marked for removal
				.formLogin().disable()
				^
/Users/suhwonji/Desktop/SideProject/popcorn/backend/src/main/java/com/popcorn/demo/global/config/SecurityConfig.java:96: warning: [removal] sessionManagement() in HttpSecurity has been deprecated and marked for removal
				.sessionManagement().sessionCreationPolicy(SessionCreationPolicy.STATELESS);
				^
5 warnings

> Task :processResources UP-TO-DATE
> Task :classes
> Task :resolveMainClassName

> Task :bootRun

  .   ____          _            __ _ _
 /\\ / ___'_ __ _ _(_)_ __  __ _ \ \ \ \
( ( )\___ | '_ | '_| | '_ \/ _` | \ \ \ \
 \\/  ___)| |_)| | | | | || (_| |  ) ) ) )
  '  |____| .__|_| |_|_| |_\__, | / / / /
 =========|_|==============|___/=/_/_/_/

 :: Spring Boot ::                (v3.5.9)

2026-01-07T15:38:51.749+09:00  INFO 69675 --- [popcorn-demo] [           main] com.popcorn.demo.DemoApplication         : Starting DemoApplication using Java 17.0.17 with PID 69675 (/Users/suhwonji/Desktop/SideProject/popcorn/backend/build/classes/java/main started by suhwonji in /Users/suhwonji/Desktop/SideProject/popcorn/backend)
2026-01-07T15:38:51.750+09:00  INFO 69675 --- [popcorn-demo] [           main] com.popcorn.demo.DemoApplication         : No active profile set, falling back to 1 default profile: "local"
2026-01-07T15:38:52.114+09:00  INFO 69675 --- [popcorn-demo] [           main] .s.d.r.c.RepositoryConfigurationDelegate : Bootstrapping Spring Data JPA repositories in DEFAULT mode.
2026-01-07T15:38:52.147+09:00  INFO 69675 --- [popcorn-demo] [           main] .s.d.r.c.RepositoryConfigurationDelegate : Finished Spring Data repository scanning in 28 ms. Found 10 JPA repository interfaces.
2026-01-07T15:38:52.554+09:00  INFO 69675 --- [popcorn-demo] [           main] o.s.b.w.embedded.tomcat.TomcatWebServer  : Tomcat initialized with port 8080 (http)
2026-01-07T15:38:52.560+09:00  INFO 69675 --- [popcorn-demo] [           main] o.apache.catalina.core.StandardService   : Starting service [Tomcat]
2026-01-07T15:38:52.560+09:00  INFO 69675 --- [popcorn-demo] [           main] o.apache.catalina.core.StandardEngine    : Starting Servlet engine: [Apache Tomcat/10.1.50]
2026-01-07T15:38:52.580+09:00  INFO 69675 --- [popcorn-demo] [           main] o.a.c.c.C.[Tomcat].[localhost].[/]       : Initializing Spring embedded WebApplicationContext
2026-01-07T15:38:52.581+09:00  INFO 69675 --- [popcorn-demo] [           main] w.s.c.ServletWebServerApplicationContext : Root WebApplicationContext: initialization completed in 811 ms
2026-01-07T15:38:52.707+09:00  INFO 69675 --- [popcorn-demo] [           main] com.zaxxer.hikari.HikariDataSource       : HikariPool-1 - Starting...
2026-01-07T15:38:52.764+09:00  INFO 69675 --- [popcorn-demo] [           main] com.zaxxer.hikari.pool.HikariPool        : HikariPool-1 - Added connection org.postgresql.jdbc.PgConnection@75e4fe3c
2026-01-07T15:38:52.765+09:00  INFO 69675 --- [popcorn-demo] [           main] com.zaxxer.hikari.HikariDataSource       : HikariPool-1 - Start completed.
2026-01-07T15:38:52.778+09:00  INFO 69675 --- [popcorn-demo] [           main] org.flywaydb.core.FlywayExecutor         : Database: jdbc:postgresql://localhost:5432/popcorn_db (PostgreSQL 18.1)
2026-01-07T15:38:52.790+09:00  WARN 69675 --- [popcorn-demo] [           main] o.f.c.internal.database.base.Database    : Flyway upgrade recommended: PostgreSQL 18.1 is newer than this version of Flyway and support has not been tested. The latest supported version of PostgreSQL is 17.
2026-01-07T15:38:52.828+09:00  INFO 69675 --- [popcorn-demo] [           main] o.f.core.internal.command.DbMigrate      : Current version of schema "public": 15
2026-01-07T15:38:52.829+09:00  WARN 69675 --- [popcorn-demo] [           main] o.f.core.internal.command.DbMigrate      : Schema "public" has a version (15) that is newer than the latest available migration (1) !
2026-01-07T15:38:52.830+09:00  INFO 69675 --- [popcorn-demo] [           main] o.f.core.internal.command.DbMigrate      : Schema "public" is up to date. No migration necessary.
2026-01-07T15:38:52.839+09:00  WARN 69675 --- [popcorn-demo] [           main] o.flywaydb.core.internal.util.Locations  : Discarding location 'classpath:db/migration/seed/qr' as it is a sub-location of 'classpath:db/migration/seed'
2026-01-07T15:38:52.840+09:00  INFO 69675 --- [popcorn-demo] [           main] org.flywaydb.core.FlywayExecutor         : Database: jdbc:postgresql://localhost:5432/popcorn_db (PostgreSQL 18.1)
2026-01-07T15:38:52.841+09:00  WARN 69675 --- [popcorn-demo] [           main] o.f.c.internal.database.base.Database    : Flyway upgrade recommended: PostgreSQL 18.1 is newer than this version of Flyway and support has not been tested. The latest supported version of PostgreSQL is 17.
2026-01-07T15:38:52.846+09:00  INFO 69675 --- [popcorn-demo] [           main] o.f.c.i.s.JdbcTableSchemaHistory         : Repair of failed migration in Schema History table "public"."flyway_seed_qr_history" not necessary. No failed migration detected.
2026-01-07T15:38:52.847+09:00  INFO 69675 --- [popcorn-demo] [           main] o.f.core.internal.command.DbRepair       : Successfully repaired schema history table "public"."flyway_seed_qr_history" (execution time 00:00.005s).
2026-01-07T15:38:52.851+09:00  WARN 69675 --- [popcorn-demo] [           main] o.flywaydb.core.internal.util.Locations  : Discarding location 'classpath:db/migration/seed/qr' as it is a sub-location of 'classpath:db/migration/seed'
2026-01-07T15:38:52.852+09:00  WARN 69675 --- [popcorn-demo] [           main] o.f.c.internal.database.base.Database    : Flyway upgrade recommended: PostgreSQL 18.1 is newer than this version of Flyway and support has not been tested. The latest supported version of PostgreSQL is 17.
2026-01-07T15:38:52.854+09:00  INFO 69675 --- [popcorn-demo] [           main] o.f.core.internal.command.DbValidate     : Successfully validated 1 migration (execution time 00:00.001s)
2026-01-07T15:38:52.859+09:00  INFO 69675 --- [popcorn-demo] [           main] o.f.core.internal.command.DbMigrate      : Current version of schema "public": 1
2026-01-07T15:38:52.859+09:00  INFO 69675 --- [popcorn-demo] [           main] o.f.core.internal.command.DbMigrate      : Schema "public" is up to date. No migration necessary.
2026-01-07T15:38:52.893+09:00  INFO 69675 --- [popcorn-demo] [           main] o.hibernate.jpa.internal.util.LogHelper  : HHH000204: Processing PersistenceUnitInfo [name: default]
2026-01-07T15:38:52.916+09:00  INFO 69675 --- [popcorn-demo] [           main] org.hibernate.Version                    : HHH000412: Hibernate ORM core version 6.6.39.Final
2026-01-07T15:38:52.929+09:00  INFO 69675 --- [popcorn-demo] [           main] o.h.c.internal.RegionFactoryInitiator    : HHH000026: Second-level cache disabled
2026-01-07T15:38:53.036+09:00  INFO 69675 --- [popcorn-demo] [           main] o.s.o.j.p.SpringPersistenceUnitInfo      : No LoadTimeWeaver setup: ignoring JPA class transformer
2026-01-07T15:38:53.070+09:00  INFO 69675 --- [popcorn-demo] [           main] org.hibernate.orm.connections.pooling    : HHH10001005: Database info:
	Database JDBC URL [Connecting through datasource 'HikariDataSource (HikariPool-1)']
	Database driver: undefined/unknown
	Database version: 18.1
	Autocommit mode: undefined/unknown
	Isolation level: undefined/unknown
	Minimum pool size: undefined/unknown
	Maximum pool size: undefined/unknown
2026-01-07T15:38:53.435+09:00  INFO 69675 --- [popcorn-demo] [           main] o.h.e.t.j.p.i.JtaPlatformInitiator       : HHH000489: No JTA platform available (set 'hibernate.transaction.jta.platform' to enable JTA platform integration)
2026-01-07T15:38:53.436+09:00  INFO 69675 --- [popcorn-demo] [           main] j.LocalContainerEntityManagerFactoryBean : Initialized JPA EntityManagerFactory for persistence unit 'default'
2026-01-07T15:38:53.457+09:00  INFO 69675 --- [popcorn-demo] [           main] c.p.d.c.versioning.ApiVersionManager     : 📝 API 버전 등록: v1 - Order API v1
2026-01-07T15:38:53.457+09:00  INFO 69675 --- [popcorn-demo] [           main] c.p.d.c.versioning.ApiVersionManager     : 🔄 API 버전 초기화 완료 - 등록된 버전: [v1]
2026-01-07T15:38:53.585+09:00  INFO 69675 --- [popcorn-demo] [           main] r$InitializeUserDetailsManagerConfigurer : Global AuthenticationManager configured with UserDetailsService bean with name customUserDetailsService
2026-01-07T15:38:53.638+09:00  INFO 69675 --- [popcorn-demo] [           main] o.s.d.j.r.query.QueryEnhancerFactory     : Hibernate is in classpath; If applicable, HQL parser will be used.
2026-01-07T15:38:53.924+09:00  INFO 69675 --- [popcorn-demo] [           main] o.s.b.a.e.web.EndpointLinksResolver      : Exposing 1 endpoint beneath base path '/actuator'
2026-01-07T15:38:54.160+09:00  INFO 69675 --- [popcorn-demo] [           main] o.s.b.w.embedded.tomcat.TomcatWebServer  : Tomcat started on port 8080 (http) with context path '/'
2026-01-07T15:38:54.170+09:00  INFO 69675 --- [popcorn-demo] [           main] com.popcorn.demo.DemoApplication         : Started DemoApplication in 2.619 seconds (process running for 2.746)
2026-01-07T15:38:54.190+09:00  INFO 69675 --- [popcorn-demo] [           main] c.p.demo.global.config.LocalSeedRunner   : LocalSeedRunner skipped: V0 schema seed is handled by Flyway seed files.
2026-01-07T15:39:05.200+09:00  INFO 69675 --- [popcorn-demo] [nio-8080-exec-1] o.a.c.c.C.[Tomcat].[localhost].[/]       : Initializing Spring DispatcherServlet 'dispatcherServlet'
2026-01-07T15:39:05.202+09:00  INFO 69675 --- [popcorn-demo] [nio-8080-exec-1] o.s.web.servlet.DispatcherServlet        : Initializing Servlet 'dispatcherServlet'
2026-01-07T15:39:05.208+09:00  INFO 69675 --- [popcorn-demo] [nio-8080-exec-1] o.s.web.servlet.DispatcherServlet        : Completed initialization in 6 ms
token null

> Task :bootRun FAILED

[Incubating] Problems report is available at: file:///Users/suhwonji/Desktop/SideProject/popcorn/backend/build/reports/problems/problems-report.html

FAILURE: Build failed with an exception.

* What went wrong:
Execution failed for task ':bootRun'.
> Process 'command '/opt/homebrew/Cellar/openjdk@17/17.0.17/libexec/openjdk.jdk/Contents/Home/bin/java'' finished with non-zero exit value 137

* Try:
> Run with --stacktrace option to get the stack trace.
> Run with --info or --debug option to get more log output.
> Run with --scan to get full insights.
> Get more help at https://help.gradle.org.

BUILD FAILED in 29s
4 actionable tasks: 3 executed, 1 up-to-date
