2026-01-26 12:50:21.068 [restartedMain] INFO  [com.popcorn.order.OrderApplication:53] - Starting OrderApplication using Java 17.0.17 with PID 14788 (/Users/newo/Documents/popcorn_msa/order/build/classes/java/main started by newo in /Users/newo/Documents/popcorn_msa)
2026-01-26 12:50:21.071 [restartedMain] DEBUG [com.popcorn.order.OrderApplication:54] - Running with Spring Boot v3.5.9, Spring v6.2.15
2026-01-26 12:50:21.071 [restartedMain] INFO  [com.popcorn.order.OrderApplication:658] - The following 1 profile is active: "local"
2026-01-26 12:50:21.109 [restartedMain] INFO  [o.s.b.d.e.DevToolsPropertyDefaultsPostProcessor:68] - Devtools property defaults active! Set 'spring.devtools.add-properties' to 'false' to disable
2026-01-26 12:50:21.109 [restartedMain] INFO  [o.s.b.d.e.DevToolsPropertyDefaultsPostProcessor:68] - For additional web related logging consider setting the 'logging.level.web' property to 'DEBUG'
2026-01-26 12:50:22.063 [restartedMain] INFO  [o.s.d.r.c.RepositoryConfigurationDelegate:294] - Multiple Spring Data modules found, entering strict repository configuration mode
2026-01-26 12:50:22.063 [restartedMain] INFO  [o.s.d.r.c.RepositoryConfigurationDelegate:145] - Bootstrapping Spring Data JPA repositories in DEFAULT mode.
2026-01-26 12:50:22.122 [restartedMain] INFO  [o.s.d.r.c.RepositoryConfigurationDelegate:213] - Finished Spring Data repository scanning in 55 ms. Found 3 JPA repository interfaces.
2026-01-26 12:50:22.127 [restartedMain] INFO  [o.s.d.r.c.RepositoryConfigurationDelegate:294] - Multiple Spring Data modules found, entering strict repository configuration mode
2026-01-26 12:50:22.127 [restartedMain] INFO  [o.s.d.r.c.RepositoryConfigurationDelegate:145] - Bootstrapping Spring Data Redis repositories in DEFAULT mode.
2026-01-26 12:50:22.133 [restartedMain] INFO  [o.s.d.r.c.RepositoryConfigurationExtensionSupport:327] - Spring Data Redis - Could not safely identify store assignment for repository candidate interface com.popcorn.order.repository.OrderItemRepository; If you want this repository to be a Redis repository, consider annotating your entities with one of these annotations: org.springframework.data.redis.core.RedisHash (preferred), or consider extending one of the following types with your repository: org.springframework.data.keyvalue.repository.KeyValueRepository
2026-01-26 12:50:22.133 [restartedMain] INFO  [o.s.d.r.c.RepositoryConfigurationExtensionSupport:327] - Spring Data Redis - Could not safely identify store assignment for repository candidate interface com.popcorn.order.repository.OrderRepository; If you want this repository to be a Redis repository, consider annotating your entities with one of these annotations: org.springframework.data.redis.core.RedisHash (preferred), or consider extending one of the following types with your repository: org.springframework.data.keyvalue.repository.KeyValueRepository
2026-01-26 12:50:22.133 [restartedMain] INFO  [o.s.d.r.c.RepositoryConfigurationExtensionSupport:327] - Spring Data Redis - Could not safely identify store assignment for repository candidate interface com.popcorn.order.repository.OrderStatusHistoryRepository; If you want this repository to be a Redis repository, consider annotating your entities with one of these annotations: org.springframework.data.redis.core.RedisHash (preferred), or consider extending one of the following types with your repository: org.springframework.data.keyvalue.repository.KeyValueRepository
2026-01-26 12:50:22.134 [restartedMain] INFO  [o.s.d.r.c.RepositoryConfigurationDelegate:213] - Finished Spring Data repository scanning in 3 ms. Found 0 Redis repository interfaces.
2026-01-26 12:50:22.260 [restartedMain] INFO  [o.s.cloud.context.scope.GenericScope:280] - BeanFactory id=78e42eb0-1a14-366d-8bc6-4ed0f2e28f79
2026-01-26 12:50:22.693 [restartedMain] INFO  [o.s.b.w.e.tomcat.TomcatWebServer:111] - Tomcat initialized with port 8084 (http)
2026-01-26 12:50:22.699 [restartedMain] INFO  [o.a.catalina.core.StandardService:168] - Starting service [Tomcat]
2026-01-26 12:50:22.699 [restartedMain] INFO  [o.a.catalina.core.StandardEngine:168] - Starting Servlet engine: [Apache Tomcat/10.1.50]
2026-01-26 12:50:22.721 [restartedMain] INFO  [o.a.c.c.C.[Tomcat].[localhost].[/]:168] - Initializing Spring embedded WebApplicationContext
2026-01-26 12:50:22.721 [restartedMain] INFO  [o.s.b.w.s.c.ServletWebServerApplicationContext:301] - Root WebApplicationContext: initialization completed in 1611 ms
2026-01-26 12:50:22.867 [restartedMain] ERROR [o.s.b.w.e.tomcat.TomcatStarter:60] - Error starting Tomcat context. Exception: org.springframework.beans.factory.BeanCreationException. Message: Error creating bean with name 'headerAuthenticationFilter': Injection of autowired dependencies failed
2026-01-26 12:50:22.878 [restartedMain] INFO  [o.a.catalina.core.StandardService:168] - Stopping service [Tomcat]
2026-01-26 12:50:22.882 [restartedMain] WARN  [o.s.b.w.s.c.AnnotationConfigServletWebServerApplicationContext:635] - Exception encountered during context initialization - cancelling refresh attempt: org.springframework.context.ApplicationContextException: Unable to start web server
2026-01-26 12:50:22.894 [restartedMain] INFO  [o.s.b.a.l.ConditionEvaluationReportLogger:82] - 

Error starting ApplicationContext. To display the condition evaluation report re-run your application with 'debug' enabled.
2026-01-26 12:50:22.901 [restartedMain] ERROR [o.s.boot.SpringApplication:857] - Application run failed
org.springframework.context.ApplicationContextException: Unable to start web server
	at org.springframework.boot.web.servlet.context.ServletWebServerApplicationContext.onRefresh(ServletWebServerApplicationContext.java:170)
	at org.springframework.context.support.AbstractApplicationContext.refresh(AbstractApplicationContext.java:621)
	at org.springframework.boot.web.servlet.context.ServletWebServerApplicationContext.refresh(ServletWebServerApplicationContext.java:146)
	at org.springframework.boot.SpringApplication.refresh(SpringApplication.java:752)
	at org.springframework.boot.SpringApplication.refreshContext(SpringApplication.java:439)
	at org.springframework.boot.SpringApplication.run(SpringApplication.java:318)
	at org.springframework.boot.SpringApplication.run(SpringApplication.java:1361)
	at org.springframework.boot.SpringApplication.run(SpringApplication.java:1350)
	at com.popcorn.order.OrderApplication.main(OrderApplication.java:12)
	at java.base/jdk.internal.reflect.NativeMethodAccessorImpl.invoke0(Native Method)
	at java.base/jdk.internal.reflect.NativeMethodAccessorImpl.invoke(NativeMethodAccessorImpl.java:77)
	at java.base/jdk.internal.reflect.DelegatingMethodAccessorImpl.invoke(DelegatingMethodAccessorImpl.java:43)
	at java.base/java.lang.reflect.Method.invoke(Method.java:569)
	at org.springframework.boot.devtools.restart.RestartLauncher.run(RestartLauncher.java:50)
Caused by: org.springframework.boot.web.server.WebServerException: Unable to start embedded Tomcat
	at org.springframework.boot.web.embedded.tomcat.TomcatWebServer.initialize(TomcatWebServer.java:147)
	at org.springframework.boot.web.embedded.tomcat.TomcatWebServer.<init>(TomcatWebServer.java:107)
	at org.springframework.boot.web.embedded.tomcat.TomcatServletWebServerFactory.getTomcatWebServer(TomcatServletWebServerFactory.java:517)
	at org.springframework.boot.web.embedded.tomcat.TomcatServletWebServerFactory.getWebServer(TomcatServletWebServerFactory.java:219)
	at org.springframework.boot.web.servlet.context.ServletWebServerApplicationContext.createWebServer(ServletWebServerApplicationContext.java:193)
	at org.springframework.boot.web.servlet.context.ServletWebServerApplicationContext.onRefresh(ServletWebServerApplicationContext.java:167)
	... 13 common frames omitted
Caused by: org.springframework.beans.factory.BeanCreationException: Error creating bean with name 'headerAuthenticationFilter': Injection of autowired dependencies failed
	at org.springframework.beans.factory.annotation.AutowiredAnnotationBeanPostProcessor.postProcessProperties(AutowiredAnnotationBeanPostProcessor.java:515)
	at org.springframework.beans.factory.support.AbstractAutowireCapableBeanFactory.populateBean(AbstractAutowireCapableBeanFactory.java:1459)
	at org.springframework.beans.factory.support.AbstractAutowireCapableBeanFactory.doCreateBean(AbstractAutowireCapableBeanFactory.java:606)
	at org.springframework.beans.factory.support.AbstractAutowireCapableBeanFactory.createBean(AbstractAutowireCapableBeanFactory.java:529)
	at org.springframework.beans.factory.support.AbstractBeanFactory.lambda$doGetBean$0(AbstractBeanFactory.java:339)
	at org.springframework.beans.factory.support.DefaultSingletonBeanRegistry.getSingleton(DefaultSingletonBeanRegistry.java:373)
	at org.springframework.beans.factory.support.AbstractBeanFactory.doGetBean(AbstractBeanFactory.java:337)
	at org.springframework.beans.factory.support.AbstractBeanFactory.getBean(AbstractBeanFactory.java:207)
	at org.springframework.boot.web.servlet.ServletContextInitializerBeans.getOrderedBeansOfType(ServletContextInitializerBeans.java:230)
	at org.springframework.boot.web.servlet.ServletContextInitializerBeans.addAsRegistrationBean(ServletContextInitializerBeans.java:184)
	at org.springframework.boot.web.servlet.ServletContextInitializerBeans.addAsRegistrationBean(ServletContextInitializerBeans.java:179)
	at org.springframework.boot.web.servlet.ServletContextInitializerBeans.addAdaptableBeans(ServletContextInitializerBeans.java:164)
	at org.springframework.boot.web.servlet.ServletContextInitializerBeans.<init>(ServletContextInitializerBeans.java:96)
	at org.springframework.boot.web.servlet.context.ServletWebServerApplicationContext.getServletContextInitializerBeans(ServletWebServerApplicationContext.java:271)
	at org.springframework.boot.web.servlet.context.ServletWebServerApplicationContext.selfInitialize(ServletWebServerApplicationContext.java:245)
	at org.springframework.boot.web.embedded.tomcat.TomcatStarter.onStartup(TomcatStarter.java:52)
	at org.apache.catalina.core.StandardContext.startInternal(StandardContext.java:4452)
	at org.apache.catalina.util.LifecycleBase.start(LifecycleBase.java:164)
	at org.apache.catalina.core.ContainerBase$StartChild.call(ContainerBase.java:1201)
	at org.apache.catalina.core.ContainerBase$StartChild.call(ContainerBase.java:1191)
	at java.base/java.util.concurrent.FutureTask.run(FutureTask.java:264)
	at org.apache.tomcat.util.threads.InlineExecutorService.execute(InlineExecutorService.java:81)
	at java.base/java.util.concurrent.AbstractExecutorService.submit(AbstractExecutorService.java:145)
	at org.apache.catalina.core.ContainerBase.startInternal(ContainerBase.java:747)
	at org.apache.catalina.core.StandardHost.startInternal(StandardHost.java:783)
	at org.apache.catalina.util.LifecycleBase.start(LifecycleBase.java:164)
	at org.apache.catalina.core.ContainerBase$StartChild.call(ContainerBase.java:1201)
	at org.apache.catalina.core.ContainerBase$StartChild.call(ContainerBase.java:1191)
	at java.base/java.util.concurrent.FutureTask.run(FutureTask.java:264)
	at org.apache.tomcat.util.threads.InlineExecutorService.execute(InlineExecutorService.java:81)
	at java.base/java.util.concurrent.AbstractExecutorService.submit(AbstractExecutorService.java:145)
	at org.apache.catalina.core.ContainerBase.startInternal(ContainerBase.java:747)
	at org.apache.catalina.core.StandardEngine.startInternal(StandardEngine.java:201)
	at org.apache.catalina.util.LifecycleBase.start(LifecycleBase.java:164)
	at org.apache.catalina.core.StandardService.startInternal(StandardService.java:410)
	at org.apache.catalina.util.LifecycleBase.start(LifecycleBase.java:164)
	at org.apache.catalina.core.StandardServer.startInternal(StandardServer.java:868)
	at org.apache.catalina.util.LifecycleBase.start(LifecycleBase.java:164)
	at org.apache.catalina.startup.Tomcat.start(Tomcat.java:436)
	at org.springframework.boot.web.embedded.tomcat.TomcatWebServer.initialize(TomcatWebServer.java:128)
	... 18 common frames omitted
Caused by: org.springframework.util.PlaceholderResolutionException: Could not resolve placeholder 'passport.secret' in value "${passport.secret}"
	at org.springframework.util.PlaceholderResolutionException.withValue(PlaceholderResolutionException.java:81)
	at org.springframework.util.PlaceholderParser$ParsedValue.resolve(PlaceholderParser.java:298)
	at org.springframework.util.PlaceholderParser.replacePlaceholders(PlaceholderParser.java:131)
	at org.springframework.util.PropertyPlaceholderHelper.replacePlaceholders(PropertyPlaceholderHelper.java:114)
	at org.springframework.core.env.AbstractPropertyResolver.doResolvePlaceholders(AbstractPropertyResolver.java:293)
	at org.springframework.core.env.AbstractPropertyResolver.resolveRequiredPlaceholders(AbstractPropertyResolver.java:264)
	at org.springframework.context.support.PropertySourcesPlaceholderConfigurer.lambda$processProperties$0(PropertySourcesPlaceholderConfigurer.java:186)
	at org.springframework.beans.factory.support.AbstractBeanFactory.resolveEmbeddedValue(AbstractBeanFactory.java:970)
	at org.springframework.beans.factory.support.DefaultListableBeanFactory.doResolveDependency(DefaultListableBeanFactory.java:1675)
	at org.springframework.beans.factory.support.DefaultListableBeanFactory.resolveDependency(DefaultListableBeanFactory.java:1653)
	at org.springframework.beans.factory.annotation.AutowiredAnnotationBeanPostProcessor$AutowiredFieldElement.resolveFieldValue(AutowiredAnnotationBeanPostProcessor.java:784)
	at org.springframework.beans.factory.annotation.AutowiredAnnotationBeanPostProcessor$AutowiredFieldElement.inject(AutowiredAnnotationBeanPostProcessor.java:767)
	at org.springframework.beans.factory.annotation.InjectionMetadata.inject(InjectionMetadata.java:146)
	at org.springframework.beans.factory.annotation.AutowiredAnnotationBeanPostProcessor.postProcessProperties(AutowiredAnnotationBeanPostProcessor.java:509)
	... 57 common frames omitted
